[10:39:32 28/7/2026] Phat hien thay doi. So moi: 2026-07-24.html, 2026-07-25.html, 2026-07-26.html, 2026-07-27.html, 2026-07-28.html. Tong 5 so.
[10:39:32 28/7/2026] Bat dau chay deploy-netlify.bat (AUTO)...
'tlocal' is not recognized as an internal or external command,
operable program or batch file.
'cp' is not recognized as an internal or external command,
operable program or batch file.
'/d' is not recognized as an internal or external command,
operable program or batch file.
'm' is not recognized as an internal or external command,
operable program or batch file.
'm' is not recognized as an internal or external command,
operable program or batch file.
'm' is not recognized as an internal or external command,
operable program or batch file.
'm' is not recognized as an internal or external command,
operable program or batch file.
'm' is not recognized as an internal or external command,
operable program or batch file.
'et' is not recognized as an internal or external command,
operable program or batch file.
't' is not recognized as an internal or external command,
operable program or batch file.
't' is not recognized as an internal or external command,
operable program or batch file.
'cho' is not recognized as an internal or external command,
operable program or batch file.
'ho' is not recognized as an internal or external command,
operable program or batch file.
'ho' is not recognized as an internal or external command,
operable program or batch file.
'ho' is not recognized as an internal or external command,
operable program or batch file.
'defined' is not recognized as an internal or external command,
operable program or batch file.
'ho.' is not recognized as an internal or external command,
operable program or batch file.
'errorlevel' is not recognized as an internal or external command,
operable program or batch file.
[LOI] Chua cai Node.js. Tai o https://nodejs.org  (ban LTS), cai xong chay lai.
[10:39:32 28/7/2026] Deploy THAT BAI — giu nguyen trang thai de lan sau thu lai.
[10:43:08 28/7/2026] Phat hien thay doi. So moi: 2026-07-24.html, 2026-07-25.html, 2026-07-26.html, 2026-07-27.html, 2026-07-28.html. Tong 5 so.
[10:43:08 28/7/2026] Bat dau chay deploy-netlify.bat (AUTO)...
==========================================================
  Deploy ban tin len Netlify  (ban-tin-sang-ai)
==========================================================
Thu muc site: D:\0-AI\0-Ban-tin\site
Che do: AUTO (chay ngam)

Tim thay 6 file .html trong site\  (gom index + cac so).
: was unexpected at this time.
[10:43:08 28/7/2026] Deploy THAT BAI — giu nguyen trang thai de lan sau thu lai.
[10:44:55 28/7/2026] Phat hien thay doi. So moi: 2026-07-24.html, 2026-07-25.html, 2026-07-26.html, 2026-07-27.html, 2026-07-28.html. Tong 5 so.
[10:44:55 28/7/2026] Bat dau chay deploy-netlify.bat (AUTO)...
==========================================================
  Deploy ban tin len Netlify  (ban-tin-sang-ai)
==========================================================
Thu muc site: D:\0-AI\0-Ban-tin\site
Che do: AUTO (chay ngam)

Tim thay 6 file .html trong site\  (gom index + cac so).

Dang deploy toan bo site\ len production...
​
Netlify Build                                                 
────────────────────────────────────────────────────────────────
​
> Version
  @netlify/build 36.2.3
​
> Flags
  accountId: 6a6589e06c7609c67608d94e
  deployId: 6a6825dac2f1c9acd1c4a12b
​
> Current directory
  D:\0-AI\0-Ban-tin
​
> Config file
  No config file was defined: using default values.
​
> Context
  production

Deploying to Netlify
────────────────────────────────────────────────────────────────

[32mDeploy path: [39mD:\0-AI\0-Ban-tin\site

[33m⠋[39m Uploading blobs to deploy store...

[32m√[39m Finished uploading blobs to deploy store
[33m⠋[39m Hashing files...
[33m⠋[39m Looking for a functions cache...
[32m√[39m No cached functions were found
[32m√[39m Finished hashing 
[33m⠋[39m CDN diffing files...
[32m√[39m CDN requesting 6 files
[33m⠋[39m Uploading 6 files
[32m√[39m Finished uploading 6 assets
[33m⠋[39m Waiting for deploy to go live...
[32m√[39m Deploy is live!
​
Netlify Build Complete                                        
────────────────────────────────────────────────────────────────
​
(Netlify Build completed in 5.2s)

🚀 Deploy complete
────────────────────────────────────────────────────────────────

Production URL: <https://ban-tin-sang-ai.netlify.app>
Unique deploy URL: <https://6a6825dac2f1c9acd1c4a12b--ban-tin-sang-ai.netlify.app>

Build logs: <https://app.netlify.com/projects/ban-tin-sang-ai/deploys/6a6825dac2f1c9acd1c4a12b>
Function logs: <https://app.netlify.com/projects/ban-tin-sang-ai/logs/functions>
Edge function logs: <https://app.netlify.com/projects/ban-tin-sang-ai/logs/edge-functions>

==========================================================
  XONG https://ban-tin-sang-ai.netlify.app
==========================================================
[10:45:31 28/7/2026] Deploy THANH CONG, da cap nhat trang thai.
[07:50:02 29/7/2026] Phat hien thay doi. So moi: (chi cap nhat noi dung). Tong 5 so.
[07:50:02 29/7/2026] Bat dau chay deploy-netlify.bat (AUTO)...
==========================================================
  Deploy ban tin len Netlify  (ban-tin-sang-ai)
==========================================================
Thu muc site: D:\0-AI\0-Ban-tin\site
Che do: AUTO (chay ngam)

Tim thay 6 file .html trong site\  (gom index + cac so).

Dang deploy toan bo site\ len production...
​
Netlify Build                                                 
────────────────────────────────────────────────────────────────
​
> Version
  @netlify/build 36.2.3
​
> Flags
  accountId: 6a6589e06c7609c67608d94e
  deployId: 6a694eaf9fa60bbe2d287596
​
> Current directory
  D:\0-AI\0-Ban-tin
​
> Config file
  No config file was defined: using default values.
​
> Context
  production

Deploying to Netlify
────────────────────────────────────────────────────────────────

[32mDeploy path: [39mD:\0-AI\0-Ban-tin\site

[33m⠋[39m Uploading blobs to deploy store...

[32m√[39m Finished uploading blobs to deploy store
[33m⠋[39m Hashing files...
[33m⠋[39m Looking for a functions cache...
[32m√[39m No cached functions were found
[32m√[39m Finished hashing 
[33m⠋[39m CDN diffing files...
[32m√[39m CDN requesting 0 files
[33m⠋[39m Uploading 0 files
[32m√[39m Finished uploading 0 assets
[33m⠋[39m Waiting for deploy to go live...
[32m√[39m Deploy is live!
​
Netlify Build Complete                                        
────────────────────────────────────────────────────────────────
​
(Netlify Build completed in 4.1s)

🚀 Deploy complete
────────────────────────────────────────────────────────────────

Production URL: <https://ban-tin-sang-ai.netlify.app>
Unique deploy URL: <https://6a694eaf9fa60bbe2d287596--ban-tin-sang-ai.netlify.app>

Build logs: <https://app.netlify.com/projects/ban-tin-sang-ai/deploys/6a694eaf9fa60bbe2d287596>
Function logs: <https://app.netlify.com/projects/ban-tin-sang-ai/logs/functions>
Edge function logs: <https://app.netlify.com/projects/ban-tin-sang-ai/logs/edge-functions>

==========================================================
  XONG https://ban-tin-sang-ai.netlify.app
==========================================================
[07:52:00 29/7/2026] Deploy THANH CONG, da cap nhat trang thai.
[07:50:02 30/7/2026] Phat hien thay doi. So moi: 2026-07-29.html, 2026-07-30.html. Tong 7 so.
[07:50:02 30/7/2026] Bat dau chay deploy-netlify.bat (AUTO)...
==========================================================
  Deploy ban tin len Netlify  (ban-tin-sang-ai)
==========================================================
Thu muc site: D:\0-AI\0-Ban-tin\site
Che do: AUTO (chay ngam)

Tim thay 8 file .html trong site\  (gom index + cac so).

Dang deploy toan bo site\ len production...
​
Netlify Build                                                 
────────────────────────────────────────────────────────────────
​
> Version
  @netlify/build 36.2.3
​
> Flags
  accountId: 6a6589e06c7609c67608d94e
  deployId: 6a6aa03c6a996c5d993808cf
​
> Current directory
  D:\0-AI\0-Ban-tin
​
> Config file
  No config file was defined: using default values.
​
> Context
  production

Deploying to Netlify
────────────────────────────────────────────────────────────────

[32mDeploy path: [39mD:\0-AI\0-Ban-tin\site

[33m⠋[39m Uploading blobs to deploy store...

[32m√[39m Finished uploading blobs to deploy store
[33m⠋[39m Hashing files...
[33m⠋[39m Looking for a functions cache...
[32m√[39m No cached functions were found
[32m√[39m Finished hashing 
[33m⠋[39m CDN diffing files...
[32m√[39m CDN requesting 2 files
[33m⠋[39m Uploading 2 files
[32m√[39m Finished uploading 2 assets
[33m⠋[39m Waiting for deploy to go live...
[32m√[39m Deploy is live!
​
Netlify Build Complete                                        
────────────────────────────────────────────────────────────────
​
(Netlify Build completed in 4.5s)

🚀 Deploy complete
────────────────────────────────────────────────────────────────

Production URL: <https://ban-tin-sang-ai.netlify.app>
Unique deploy URL: <https://6a6aa03c6a996c5d993808cf--ban-tin-sang-ai.netlify.app>

Build logs: <https://app.netlify.com/projects/ban-tin-sang-ai/deploys/6a6aa03c6a996c5d993808cf>
Function logs: <https://app.netlify.com/projects/ban-tin-sang-ai/logs/functions>
Edge function logs: <https://app.netlify.com/projects/ban-tin-sang-ai/logs/edge-functions>

==========================================================
  XONG https://ban-tin-sang-ai.netlify.app
==========================================================
[07:52:14 30/7/2026] Deploy THANH CONG, da cap nhat trang thai.
[07:50:02 31/7/2026] Phat hien thay doi. So moi: 2026-07-31.html. Tong 8 so.
[07:50:02 31/7/2026] Bat dau chay deploy-netlify.bat (AUTO)...
==========================================================
  Deploy ban tin len Netlify  (ban-tin-sang-ai)
==========================================================
Thu muc site: D:\0-AI\0-Ban-tin\site
Che do: AUTO (chay ngam)

Tim thay 9 file .html trong site\  (gom index + cac so).

Dang deploy toan bo site\ len production...
​
Netlify Build                                                 
────────────────────────────────────────────────────────────────
​
> Version
  @netlify/build 36.2.3
​
> Flags
  accountId: 6a6589e06c7609c67608d94e
  deployId: 6a6bf1b95a5c5d6253b35b7d
​
> Current directory
  D:\0-AI\0-Ban-tin
​
> Config file
  No config file was defined: using default values.
​
> Context
  production

Deploying to Netlify
────────────────────────────────────────────────────────────────

[32mDeploy path: [39mD:\0-AI\0-Ban-tin\site

[33m⠋[39m Uploading blobs to deploy store...

[32m√[39m Finished uploading blobs to deploy store
[33m⠋[39m Hashing files...
[33m⠋[39m Looking for a functions cache...
[32m√[39m No cached functions were found
[32m√[39m Finished hashing 
[33m⠋[39m CDN diffing files...
[32m√[39m CDN requesting 2 files
[33m⠋[39m Uploading 2 files
[32m√[39m Finished uploading 2 assets
[33m⠋[39m Waiting for deploy to go live...
[32m√[39m Deploy is live!
​
Netlify Build Complete                                        
────────────────────────────────────────────────────────────────
​
(Netlify Build completed in 4.7s)

🚀 Deploy complete
────────────────────────────────────────────────────────────────

Production URL: <https://ban-tin-sang-ai.netlify.app>
Unique deploy URL: <https://6a6bf1b95a5c5d6253b35b7d--ban-tin-sang-ai.netlify.app>

Build logs: <https://app.netlify.com/projects/ban-tin-sang-ai/deploys/6a6bf1b95a5c5d6253b35b7d>
Function logs: <https://app.netlify.com/projects/ban-tin-sang-ai/logs/functions>
Edge function logs: <https://app.netlify.com/projects/ban-tin-sang-ai/logs/edge-functions>

==========================================================
  XONG https://ban-tin-sang-ai.netlify.app
==========================================================
[07:52:11 31/7/2026] Deploy THANH CONG, da cap nhat trang thai.
[07:50:02 1/8/2026] Phat hien thay doi. So moi: 2026-08-01.html. Tong 9 so.
[07:50:02 1/8/2026] Bat dau chay deploy-netlify.bat (AUTO)...
==========================================================
  Deploy ban tin len Netlify  (ban-tin-sang-ai)
==========================================================
Thu muc site: D:\0-AI\0-Ban-tin\site
Che do: AUTO (chay ngam)

Tim thay 10 file .html trong site\  (gom index + cac so).

Dang deploy toan bo site\ len production...
​
Netlify Build                                                 
────────────────────────────────────────────────────────────────
​
> Version
  @netlify/build 36.2.3
​
> Flags
  accountId: 6a6589e06c7609c67608d94e
  deployId: 6a6d433240083d69f51c716f
​
> Current directory
  D:\0-AI\0-Ban-tin
​
> Config file
  D:\0-AI\0-Ban-tin\netlify.toml
​
> Context
  production

Deploying to Netlify
────────────────────────────────────────────────────────────────

[32mDeploy path: [39m       D:\0-AI\0-Ban-tin\site
[32mConfiguration path: [39mD:\0-AI\0-Ban-tin\netlify.toml

[33m⠋[39m Uploading blobs to deploy store...

[32m√[39m Finished uploading blobs to deploy store
[33m⠋[39m Hashing files...
[33m⠋[39m Looking for a functions cache...
[32m√[39m No cached functions were found
[32m√[39m Finished hashing 
[33m⠋[39m CDN diffing files...
[32m√[39m CDN requesting 3 files
[33m⠋[39m Uploading 3 files
[32m√[39m Finished uploading 3 assets
[33m⠋[39m Waiting for deploy to go live...
[32m√[39m Deploy is live!
​
Netlify Build Complete                                        
────────────────────────────────────────────────────────────────
​
(Netlify Build completed in 4.8s)

🚀 Deploy complete
────────────────────────────────────────────────────────────────

Production URL: <https://ban-tin-sang-ai.netlify.app>
Unique deploy URL: <https://6a6d433240083d69f51c716f--ban-tin-sang-ai.netlify.app>

Build logs: <https://app.netlify.com/projects/ban-tin-sang-ai/deploys/6a6d433240083d69f51c716f>
Function logs: <https://app.netlify.com/projects/ban-tin-sang-ai/logs/functions>
Edge function logs: <https://app.netlify.com/projects/ban-tin-sang-ai/logs/edge-functions>

==========================================================
  XONG https://ban-tin-sang-ai.netlify.app
==========================================================
[07:52:04 1/8/2026] Deploy THANH CONG, da cap nhat trang thai.
[07:50:02 2/8/2026] Phat hien thay doi. So moi: 2026-08-02.html. Tong 10 so.
[07:50:02 2/8/2026] Bat dau chay deploy-netlify.bat (AUTO)...
==========================================================
  Deploy ban tin len Netlify  (ban-tin-sang-ai)
==========================================================
Thu muc site: D:\0-AI\0-Ban-tin\site
Che do: AUTO (chay ngam)

Tim thay 11 file .html trong site\  (gom index + cac so).

Dang deploy toan bo site\ len production...
​
Netlify Build                                                 
────────────────────────────────────────────────────────────────
​
> Version
  @netlify/build 36.2.3
​
> Flags
  accountId: 6a6589e06c7609c67608d94e
  deployId: 6a6e94b0457127e40bc89e6a
​
> Current directory
  D:\0-AI\0-Ban-tin
​
> Config file
  D:\0-AI\0-Ban-tin\netlify.toml
​
> Context
  production

Deploying to Netlify
────────────────────────────────────────────────────────────────

[32mDeploy path: [39m       D:\0-AI\0-Ban-tin\site
[32mConfiguration path: [39mD:\0-AI\0-Ban-tin\netlify.toml

[33m⠋[39m Uploading blobs to deploy store...

[32m√[39m Finished uploading blobs to deploy store
[33m⠋[39m Hashing files...
[33m⠋[39m Looking for a functions cache...
[32m√[39m No cached functions were found
[32m√[39m Finished hashing 
[33m⠋[39m CDN diffing files...
[32m√[39m CDN requesting 2 files
[33m⠋[39m Uploading 2 files
[32m√[39m Finished uploading 2 assets
[33m⠋[39m Waiting for deploy to go live...
[32m√[39m Deploy is live!
​
Netlify Build Complete                                        
────────────────────────────────────────────────────────────────
​
(Netlify Build completed in 4.6s)

🚀 Deploy complete
────────────────────────────────────────────────────────────────

Production URL: <https://ban-tin-sang-ai.netlify.app>
Unique deploy URL: <https://6a6e94b0457127e40bc89e6a--ban-tin-sang-ai.netlify.app>

Build logs: <https://app.netlify.com/projects/ban-tin-sang-ai/deploys/6a6e94b0457127e40bc89e6a>
Function logs: <https://app.netlify.com/projects/ban-tin-sang-ai/logs/functions>
Edge function logs: <https://app.netlify.com/projects/ban-tin-sang-ai/logs/edge-functions>

==========================================================
  XONG https://ban-tin-sang-ai.netlify.app
==========================================================
[07:52:02 2/8/2026] Deploy THANH CONG, da cap nhat trang thai.
[07:50:02 3/8/2026] Phat hien thay doi. So moi: 2026-08-03.html. Tong 11 so.
[07:50:02 3/8/2026] Bat dau chay deploy-netlify.bat (AUTO)...
==========================================================
  Deploy ban tin len Netlify  (ban-tin-sang-ai)
==========================================================
Thu muc site: D:\0-AI\0-Ban-tin\site
Che do: AUTO (chay ngam)

Tim thay 12 file .html trong site\  (gom index + cac so).

Dang deploy toan bo site\ len production...
​
Netlify Build                                                 
────────────────────────────────────────────────────────────────
​
> Version
  @netlify/build 36.2.3
​
> Flags
  accountId: 6a6589e06c7609c67608d94e
  deployId: 6a6fe6380862f50c3b88f8a2
​
> Current directory
  D:\0-AI\0-Ban-tin
​
> Config file
  D:\0-AI\0-Ban-tin\netlify.toml
​
> Context
  production

Deploying to Netlify
────────────────────────────────────────────────────────────────

[32mDeploy path: [39m       D:\0-AI\0-Ban-tin\site
[32mConfiguration path: [39mD:\0-AI\0-Ban-tin\netlify.toml

[33m⠋[39m Uploading blobs to deploy store...

[32m√[39m Finished uploading blobs to deploy store
[33m⠋[39m Hashing files...
[33m⠋[39m Looking for a functions cache...
[32m√[39m No cached functions were found
[32m√[39m Finished hashing 
[33m⠋[39m CDN diffing files...
[32m√[39m CDN requesting 2 files
[33m⠋[39m Uploading 2 files
[32m√[39m Finished uploading 2 assets
[33m⠋[39m Waiting for deploy to go live...
[32m√[39m Deploy is live!
​
Netlify Build Complete                                        
────────────────────────────────────────────────────────────────
​
(Netlify Build completed in 5.7s)

🚀 Deploy complete
────────────────────────────────────────────────────────────────

Production URL: <https://ban-tin-sang-ai.netlify.app>
Unique deploy URL: <https://6a6fe6380862f50c3b88f8a2--ban-tin-sang-ai.netlify.app>

Build logs: <https://app.netlify.com/projects/ban-tin-sang-ai/deploys/6a6fe6380862f50c3b88f8a2>
Function logs: <https://app.netlify.com/projects/ban-tin-sang-ai/logs/functions>
Edge function logs: <https://app.netlify.com/projects/ban-tin-sang-ai/logs/edge-functions>

==========================================================
  XONG https://ban-tin-sang-ai.netlify.app
==========================================================
[07:52:10 3/8/2026] Deploy THANH CONG, da cap nhat trang thai.
[07:50:02 4/8/2026] Phat hien thay doi. So moi: 2026-08-04.html. Tong 12 so.
[07:50:02 4/8/2026] Bat dau chay deploy-netlify.bat (AUTO)...
==========================================================
  Deploy ban tin len Netlify  (ban-tin-sang-ai)
==========================================================
Thu muc site: D:\0-AI\0-Ban-tin\site
Che do: AUTO (chay ngam)

Tim thay 13 file .html trong site\  (gom index + cac so).

Dang deploy toan bo site\ len production...
​
Netlify Build                                                 
────────────────────────────────────────────────────────────────
​
> Version
  @netlify/build 36.2.4
​
> Flags
  accountId: 6a6589e06c7609c67608d94e
  deployId: 6a7137c35169b8e8585ec016
​
> Current directory
  D:\0-AI\0-Ban-tin
​
> Config file
  D:\0-AI\0-Ban-tin\netlify.toml
​
> Context
  production

Deploying to Netlify
────────────────────────────────────────────────────────────────

[32mDeploy path: [39m       D:\0-AI\0-Ban-tin\site
[32mConfiguration path: [39mD:\0-AI\0-Ban-tin\netlify.toml

[33m⠋[39m Uploading blobs to deploy store...

[32m√[39m Finished uploading blobs to deploy store
[33m⠋[39m Hashing files...
[33m⠋[39m Looking for a functions cache...
[32m√[39m No cached functions were found
[32m√[39m Finished hashing 
[33m⠋[39m CDN diffing files...
[32m√[39m CDN requesting 2 files
[33m⠋[39m Uploading 2 files
[32m√[39m Finished uploading 2 assets
[33m⠋[39m Waiting for deploy to go live...
[32m√[39m Deploy is live!
​
Netlify Build Complete                                        
────────────────────────────────────────────────────────────────
​
(Netlify Build completed in 4.4s)

🚀 Deploy complete
────────────────────────────────────────────────────────────────

Production URL: <https://ban-tin-sang-ai.netlify.app>
Unique deploy URL: <https://6a7137c35169b8e8585ec016--ban-tin-sang-ai.netlify.app>

Build logs: <https://app.netlify.com/projects/ban-tin-sang-ai/deploys/6a7137c35169b8e8585ec016>
Function logs: <https://app.netlify.com/projects/ban-tin-sang-ai/logs/functions>
Edge function logs: <https://app.netlify.com/projects/ban-tin-sang-ai/logs/edge-functions>

==========================================================
  XONG https://ban-tin-sang-ai.netlify.app
==========================================================
[07:52:22 4/8/2026] Deploy THANH CONG, da cap nhat trang thai.
[07:50:02 5/8/2026] Phat hien thay doi. So moi: 2026-08-05.html. Tong 13 so.
[07:50:02 5/8/2026] Bat dau chay deploy-netlify.bat (AUTO)...
==========================================================
  Deploy ban tin len Netlify  (ban-tin-sang-ai)
==========================================================
Thu muc site: D:\0-AI\0-Ban-tin\site
Che do: AUTO (chay ngam)

Tim thay 14 file .html trong site\  (gom index + cac so).

Dang deploy toan bo site\ len production...
​
Netlify Build                                                 
────────────────────────────────────────────────────────────────
​
> Version
  @netlify/build 36.2.4
​
> Flags
  accountId: 6a6589e06c7609c67608d94e
  deployId: 6a72893f7c0502472f618f98
​
> Current directory
  D:\0-AI\0-Ban-tin
​
> Config file
  D:\0-AI\0-Ban-tin\netlify.toml
​
> Context
  production

Deploying to Netlify
────────────────────────────────────────────────────────────────

[32mDeploy path: [39m       D:\0-AI\0-Ban-tin\site
[32mConfiguration path: [39mD:\0-AI\0-Ban-tin\netlify.toml

[33m⠋[39m Uploading blobs to deploy store...

[32m√[39m Finished uploading blobs to deploy store
[33m⠋[39m Hashing files...
[33m⠋[39m Looking for a functions cache...
[32m√[39m No cached functions were found
[32m√[39m Finished hashing 
[33m⠋[39m CDN diffing files...
[32m√[39m CDN requesting 2 files
[33m⠋[39m Uploading 2 files
[32m√[39m Finished uploading 2 assets
[33m⠋[39m Waiting for deploy to go live...
[32m√[39m Deploy is live!
​
Netlify Build Complete                                        
────────────────────────────────────────────────────────────────
​
(Netlify Build completed in 4.6s)

🚀 Deploy complete
────────────────────────────────────────────────────────────────

Production URL: <https://ban-tin-sang-ai.netlify.app>
Unique deploy URL: <https://6a72893f7c0502472f618f98--ban-tin-sang-ai.netlify.app>

Build logs: <https://app.netlify.com/projects/ban-tin-sang-ai/deploys/6a72893f7c0502472f618f98>
Function logs: <https://app.netlify.com/projects/ban-tin-sang-ai/logs/functions>
Edge function logs: <https://app.netlify.com/projects/ban-tin-sang-ai/logs/edge-functions>
npm notice
npm notice New major version of npm available! 10.9.8 -> 12.0.2
npm notice Changelog: https://github.com/npm/cli/releases/tag/v12.0.2
npm notice To update run: npm install -g npm@12.0.2
npm notice

==========================================================
  XONG https://ban-tin-sang-ai.netlify.app
==========================================================
[07:52:16 5/8/2026] Deploy THANH CONG, da cap nhat trang thai.
